\BOOKMARK [1][-]{section.1}{\376\377\000I\000n\000t\000r\000o\000d\000u\000c\000t\000i\000o\000n}{}% 1
\BOOKMARK [1][-]{section.7}{\376\377\000T\000h\000e\000o\000r\000e\000t\000i\000c\000a\000l\000\040\000F\000o\000u\000n\000d\000a\000t\000i\000o\000n}{}% 2
\BOOKMARK [2][-]{subsection.8}{\376\377\000T\000h\000e\000\040\000F\000M\000C\000W\000\040\000c\000h\000i\000r\000p\000\040\000a\000n\000d\000\040\000t\000h\000e\000\040\000r\000a\000n\000g\000e\000\040\000m\000e\000a\000s\000u\000r\000e\000m\000e\000n\000t}{section.7}% 3
\BOOKMARK [2][-]{subsection.11}{\376\377\000A\000n\000g\000l\000e\000\040\000o\000f\000\040\000a\000r\000r\000i\000v\000a\000l\000\040\000a\000n\000d\000\040\000t\000h\000e\000\040\000r\000e\000s\000o\000l\000u\000t\000i\000o\000n\000\040\000l\000i\000m\000i\000t}{section.7}% 4
\BOOKMARK [2][-]{subsection.16}{\376\377\000R\000a\000d\000a\000r\000\040\000p\000a\000r\000a\000m\000e\000t\000e\000r\000s}{section.7}% 5
\BOOKMARK [2][-]{subsection.18}{\376\377\000W\000h\000y\000\040\000t\000h\000e\000\040\000R\000a\000n\000g\000e\000-\000A\000n\000g\000l\000e\000\040\000h\000e\000a\000t\000m\000a\000p}{section.7}% 6
\BOOKMARK [1][-]{section.22}{\376\377\000D\000a\000t\000a\000s\000e\000t\000\040\000D\000e\000s\000i\000g\000n}{}% 7
\BOOKMARK [2][-]{subsection.23}{\376\377\000S\000y\000n\000t\000h\000e\000t\000i\000c\000\040\000g\000e\000n\000e\000r\000a\000t\000i\000o\000n\000\040\000v\000i\000a\000\040\000s\000c\000a\000t\000t\000e\000r\000e\000r\000\040\000m\000o\000d\000e\000l\000s}{section.22}% 8
\BOOKMARK [2][-]{subsection.24}{\376\377\000T\000h\000e\000\040\000f\000i\000v\000e\000-\000s\000h\000a\000p\000e\000\040\000s\000e\000t}{section.22}% 9
\BOOKMARK [2][-]{subsection.26}{\376\377\000D\000i\000v\000e\000r\000s\000i\000t\000y\000\040\000a\000x\000e\000s}{section.22}% 10
\BOOKMARK [2][-]{subsection.28}{\376\377\000A\000n\000t\000e\000n\000n\000a\000-\000c\000o\000u\000n\000t\000\040\000s\000w\000e\000e\000p\000\040\000a\000n\000d\000\040\000n\000o\000r\000m\000a\000l\000i\000s\000a\000t\000i\000o\000n}{section.22}% 11
\BOOKMARK [1][-]{section.29}{\376\377\000M\000o\000d\000e\000l\000\040\000S\000e\000l\000e\000c\000t\000i\000o\000n\000:\000\040\000F\000r\000o\000m\000\040\000S\000V\000M\000\040\000t\000o\000\040\000C\000N\000N}{}% 12
\BOOKMARK [2][-]{subsection.30}{\376\377\000T\000h\000e\000\040\000S\000V\000M\000\040\000s\000t\000a\000r\000t\000i\000n\000g\000\040\000p\000o\000i\000n\000t}{section.29}% 13
\BOOKMARK [2][-]{subsection.32}{\376\377\000W\000h\000y\000\040\000h\000a\000n\000d\000-\000c\000r\000a\000f\000t\000e\000d\000\040\000f\000e\000a\000t\000u\000r\000e\000s\000\040\000f\000a\000l\000l\000\040\000s\000h\000o\000r\000t\000\040\000h\000e\000r\000e}{section.29}% 14
\BOOKMARK [2][-]{subsection.36}{\376\377\000A\000l\000t\000e\000r\000n\000a\000t\000i\000v\000e\000s\000\040\000c\000o\000n\000s\000i\000d\000e\000r\000e\000d\000\040\000a\000n\000d\000\040\000d\000e\000f\000e\000r\000r\000e\000d}{section.29}% 15
\BOOKMARK [1][-]{section.37}{\376\377\000C\000N\000N\000\040\000A\000r\000c\000h\000i\000t\000e\000c\000t\000u\000r\000e}{}% 16
\BOOKMARK [2][-]{subsection.38}{\376\377\000O\000v\000e\000r\000v\000i\000e\000w}{section.37}% 17
\BOOKMARK [2][-]{subsection.39}{\376\377\000F\000e\000a\000t\000u\000r\000e\000\040\000e\000x\000t\000r\000a\000c\000t\000o\000r}{section.37}% 18
\BOOKMARK [2][-]{subsection.41}{\376\377\000G\000l\000o\000b\000a\000l\000\040\000a\000v\000e\000r\000a\000g\000e\000\040\000p\000o\000o\000l\000i\000n\000g\000\040\000a\000n\000d\000\040\000c\000l\000a\000s\000s\000i\000f\000i\000e\000r\000\040\000h\000e\000a\000d}{section.37}% 19
\BOOKMARK [2][-]{subsection.42}{\376\377\000R\000e\000g\000u\000l\000a\000r\000i\000s\000a\000t\000i\000o\000n\000\040\000c\000h\000o\000i\000c\000e\000s}{section.37}% 20
\BOOKMARK [1][-]{section.43}{\376\377\000T\000r\000a\000i\000n\000i\000n\000g\000\040\000M\000e\000t\000h\000o\000d\000o\000l\000o\000g\000y}{}% 21
\BOOKMARK [2][-]{subsection.44}{\376\377\000L\000o\000s\000s\000\040\000a\000n\000d\000\040\000o\000p\000t\000i\000m\000i\000s\000e\000r}{section.43}% 22
\BOOKMARK [2][-]{subsection.45}{\376\377\000B\000a\000t\000c\000h\000\040\000s\000i\000z\000e}{section.43}% 23
\BOOKMARK [2][-]{subsection.46}{\376\377\000L\000e\000a\000r\000n\000i\000n\000g\000-\000r\000a\000t\000e\000\040\000s\000c\000h\000e\000d\000u\000l\000e}{section.43}% 24
\BOOKMARK [2][-]{subsection.47}{\376\377\000V\000a\000l\000i\000d\000a\000t\000i\000o\000n\000\040\000s\000m\000o\000o\000t\000h\000i\000n\000g\000\040\000a\000n\000d\000\040\000e\000a\000r\000l\000y\000\040\000s\000t\000o\000p\000p\000i\000n\000g}{section.43}% 25
\BOOKMARK [2][-]{subsection.49}{\376\377\000M\000u\000l\000t\000i\000-\000s\000e\000e\000d\000\040\000p\000r\000o\000t\000o\000c\000o\000l}{section.43}% 26
\BOOKMARK [1][-]{section.53}{\376\377\000E\000x\000p\000e\000r\000i\000m\000e\000n\000t\000a\000l\000\040\000P\000r\000o\000t\000o\000c\000o\000l}{}% 27
\BOOKMARK [2][-]{subsection.54}{\376\377\000A\000n\000t\000e\000n\000n\000a\000-\000c\000o\000u\000n\000t\000\040\000s\000w\000e\000e\000p}{section.53}% 28
\BOOKMARK [2][-]{subsection.58}{\376\377\000M\000e\000t\000r\000i\000c\000s}{section.53}% 29
\BOOKMARK [2][-]{subsection.59}{\376\377\000A\000b\000l\000a\000t\000i\000o\000n\000s}{section.53}% 30
\BOOKMARK [1][-]{section.60}{\376\377\000I\000n\000f\000e\000r\000e\000n\000c\000e\000\040\000o\000n\000\040\000C\000A\000D\000\040\000O\000b\000j\000e\000c\000t\000s}{}% 31
\BOOKMARK [1][-]{section.61}{\376\377\000R\000e\000s\000u\000l\000t\000s}{}% 32
\BOOKMARK [2][-]{subsection.63}{\376\377\000O\000v\000e\000r\000a\000l\000l\000\040\000a\000c\000c\000u\000r\000a\000c\000y\000\040\000v\000s\000.\000\040\000a\000n\000t\000e\000n\000n\000a\000\040\000c\000o\000u\000n\000t}{section.61}% 33
\BOOKMARK [2][-]{subsection.66}{\376\377\000P\000e\000r\000-\000c\000l\000a\000s\000s\000\040\000a\000c\000c\000u\000r\000a\000c\000y\000\040\000b\000y\000\040\000a\000n\000t\000e\000n\000n\000a\000\040\000c\000o\000u\000n\000t}{section.61}% 34
\BOOKMARK [2][-]{subsection.68}{\376\377\000C\000o\000n\000f\000u\000s\000i\000o\000n\000\040\000m\000a\000t\000r\000i\000c\000e\000s}{section.61}% 35
\BOOKMARK [2][-]{subsection.70}{\376\377\000T\000r\000a\000i\000n\000i\000n\000g\000\040\000h\000i\000s\000t\000o\000r\000i\000e\000s}{section.61}% 36
\BOOKMARK [2][-]{subsection.72}{\376\377\000P\000r\000e\000l\000i\000m\000i\000n\000a\000r\000y\000\040\000o\000b\000s\000e\000r\000v\000a\000t\000i\000o\000n}{section.61}% 37
\BOOKMARK [1][-]{section.73}{\376\377\000D\000i\000s\000c\000u\000s\000s\000i\000o\000n}{}% 38
\BOOKMARK [2][-]{subsection.74}{\376\377\000W\000h\000y\000\040\000s\000h\000a\000p\000e\000-\000l\000e\000v\000e\000l\000\040\000d\000i\000f\000f\000i\000c\000u\000l\000t\000y\000\040\000v\000a\000r\000i\000e\000s}{section.73}% 39
\BOOKMARK [2][-]{subsection.80}{\376\377\000W\000h\000y\000\040\000p\000e\000r\000-\000s\000h\000a\000p\000e\000\040\000s\000t\000r\000e\000n\000g\000t\000h\000\040\000v\000a\000r\000i\000e\000s\000\040\000w\000i\000t\000h\000\040\000a\000n\000t\000e\000n\000n\000a\000\040\000c\000o\000u\000n\000t}{section.73}% 40
\BOOKMARK [2][-]{subsection.86}{\376\377\000L\000i\000m\000i\000t\000a\000t\000i\000o\000n\000s\000\040\000o\000f\000\040\000t\000h\000e\000\040\000c\000u\000r\000r\000e\000n\000t\000\040\000m\000e\000t\000h\000o\000d\000o\000l\000o\000g\000y}{section.73}% 41
\BOOKMARK [1][-]{section.91}{\376\377\000C\000o\000n\000c\000l\000u\000s\000i\000o\000n\000\040\000a\000n\000d\000\040\000N\000e\000x\000t\000\040\000S\000t\000e\000p\000s}{}% 42
\BOOKMARK [1][-]{appendix.102}{\376\377\000D\000e\000r\000i\000v\000a\000t\000i\000o\000n\000\040\000o\000f\000\040\000t\000h\000e\000\040\000B\000o\000r\000e\000s\000i\000g\000h\000t\000\040\000A\000n\000g\000u\000l\000a\000r\000\040\000R\000e\000s\000o\000l\000u\000t\000i\000o\000n}{}% 43
\BOOKMARK [2][-]{subsection.103}{\376\377\000A\000r\000r\000a\000y\000\040\000r\000e\000s\000p\000o\000n\000s\000e\000\040\000a\000n\000d\000\040\000s\000p\000a\000t\000i\000a\000l\000\040\000f\000r\000e\000q\000u\000e\000n\000c\000y}{appendix.102}% 44
\BOOKMARK [2][-]{subsection.105}{\376\377\000M\000a\000i\000n\000-\000l\000o\000b\000e\000\040\000w\000i\000d\000t\000h}{appendix.102}% 45
\BOOKMARK [2][-]{subsection.107}{\376\377\000C\000o\000n\000v\000e\000r\000s\000i\000o\000n\000\040\000t\000o\000\040\000a\000n\000g\000l\000e\000\040\000a\000t\000\040\000b\000o\000r\000e\000s\000i\000g\000h\000t}{appendix.102}% 46
\BOOKMARK [2][-]{subsection.109}{\376\377\000O\000f\000f\000-\000b\000o\000r\000e\000s\000i\000g\000h\000t\000\040\000d\000e\000g\000r\000a\000d\000a\000t\000i\000o\000n}{appendix.102}% 47
\BOOKMARK [1][-]{appendix.111}{\376\377\000C\000o\000m\000p\000l\000e\000t\000e\000\040\000T\000r\000a\000i\000n\000i\000n\000g\000\040\000H\000y\000p\000e\000r\000p\000a\000r\000a\000m\000e\000t\000e\000r\000s}{}% 48
\BOOKMARK [1][-]{appendix.114}{\376\377\000P\000e\000r\000-\000S\000e\000e\000d\000\040\000R\000e\000s\000u\000l\000t\000s\000\040\000f\000r\000o\000m\000\040\000t\000h\000e\000\040\000P\000r\000e\000l\000i\000m\000i\000n\000a\000r\000y\000\040\000R\000u\000n}{}% 49
\BOOKMARK [1][-]{appendix.117}{\376\377\000S\000c\000a\000t\000t\000e\000r\000e\000r\000\040\000M\000o\000d\000e\000l\000\040\000D\000e\000t\000a\000i\000l\000s}{}% 50
\BOOKMARK [2][-]{subsection.118}{\376\377\000C\000o\000m\000m\000o\000n\000\040\000p\000a\000r\000a\000m\000e\000t\000e\000r\000s}{appendix.117}% 51
\BOOKMARK [2][-]{subsection.120}{\376\377\000P\000e\000r\000-\000s\000h\000a\000p\000e\000\040\000s\000c\000a\000t\000t\000e\000r\000e\000r\000\040\000c\000o\000u\000n\000t\000s}{appendix.117}% 52
\BOOKMARK [2][-]{subsection.122}{\376\377\000S\000i\000z\000e\000\040\000a\000x\000i\000s}{appendix.117}% 53
\BOOKMARK [1][-]{appendix.123}{\376\377\000S\000o\000f\000t\000w\000a\000r\000e\000\040\000a\000n\000d\000\040\000R\000e\000p\000r\000o\000d\000u\000c\000i\000b\000i\000l\000i\000t\000y}{}% 54
\BOOKMARK [1][-]{appendix.126}{\376\377\000G\000l\000o\000s\000s\000a\000r\000y}{}% 55
